Archive member included to satisfy reference by file (symbol)

c:/users/joris/onedrive - stichting hogeschool utrecht/v2cpse1/gcc-arm-none-eabi-9-2019-q4-major-win32/bin/../lib/gcc/arm-none-eabi/9.2.1/thumb/v7e-m/nofp\libgcc.a(_aeabi_ldivmod.o)
                              hwlib.o (__aeabi_ldivmod)
c:/users/joris/onedrive - stichting hogeschool utrecht/v2cpse1/gcc-arm-none-eabi-9-2019-q4-major-win32/bin/../lib/gcc/arm-none-eabi/9.2.1/thumb/v7e-m/nofp\libgcc.a(_aeabi_uldivmod.o)
                              hwlib.o (__aeabi_uldivmod)
c:/users/joris/onedrive - stichting hogeschool utrecht/v2cpse1/gcc-arm-none-eabi-9-2019-q4-major-win32/bin/../lib/gcc/arm-none-eabi/9.2.1/thumb/v7e-m/nofp\libgcc.a(_udivmoddi4.o)
                              c:/users/joris/onedrive - stichting hogeschool utrecht/v2cpse1/gcc-arm-none-eabi-9-2019-q4-major-win32/bin/../lib/gcc/arm-none-eabi/9.2.1/thumb/v7e-m/nofp\libgcc.a(_aeabi_ldivmod.o) (__udivmoddi4)
c:/users/joris/onedrive - stichting hogeschool utrecht/v2cpse1/gcc-arm-none-eabi-9-2019-q4-major-win32/bin/../lib/gcc/arm-none-eabi/9.2.1/thumb/v7e-m/nofp\libgcc.a(_dvmd_tls.o)
                              c:/users/joris/onedrive - stichting hogeschool utrecht/v2cpse1/gcc-arm-none-eabi-9-2019-q4-major-win32/bin/../lib/gcc/arm-none-eabi/9.2.1/thumb/v7e-m/nofp\libgcc.a(_aeabi_ldivmod.o) (__aeabi_ldiv0)

Allocating common symbols
Common symbol       size              file

__dso_handle        0x4               startup.o

Discarded input sections

 .group         0x00000000        0x8 hwlib.o
 .group         0x00000000        0x8 hwlib.o
 .group         0x00000000        0x8 hwlib.o
 .group         0x00000000        0x8 hwlib.o
 .group         0x00000000        0x8 hwlib.o
 .group         0x00000000        0x8 hwlib.o
 .group         0x00000000        0x8 hwlib.o
 .group         0x00000000        0x8 hwlib.o
 .group         0x00000000        0x8 hwlib.o
 .group         0x00000000        0x8 hwlib.o
 .group         0x00000000        0x8 hwlib.o
 .group         0x00000000        0x8 hwlib.o
 .group         0x00000000        0x8 hwlib.o
 .group         0x00000000        0x8 hwlib.o
 .group         0x00000000        0x8 hwlib.o
 .group         0x00000000        0x8 hwlib.o
 .group         0x00000000        0x8 hwlib.o
 .group         0x00000000        0x8 hwlib.o
 .group         0x00000000        0x8 hwlib.o
 .group         0x00000000        0x8 hwlib.o
 .group         0x00000000        0x8 hwlib.o
 .group         0x00000000        0x8 hwlib.o
 .group         0x00000000        0x8 hwlib.o
 .group         0x00000000        0x8 hwlib.o
 .group         0x00000000        0x8 hwlib.o
 .group         0x00000000        0x8 hwlib.o
 .group         0x00000000        0x8 hwlib.o
 .group         0x00000000        0x8 hwlib.o
 .group         0x00000000        0x8 hwlib.o
 .group         0x00000000        0x8 hwlib.o
 .group         0x00000000        0x8 hwlib.o
 .group         0x00000000        0x8 hwlib.o
 .group         0x00000000        0x8 hwlib.o
 .group         0x00000000        0x8 hwlib.o
 .group         0x00000000        0x8 hwlib.o
 .group         0x00000000        0x8 hwlib.o
 .group         0x00000000        0x8 hwlib.o
 .group         0x00000000        0x8 hwlib.o
 .group         0x00000000        0x8 hwlib.o
 .group         0x00000000        0x8 hwlib.o
 .group         0x00000000        0x8 hwlib.o
 .group         0x00000000        0x8 hwlib.o
 .group         0x00000000        0x8 hwlib.o
 .group         0x00000000        0x8 hwlib.o
 .group         0x00000000        0x8 hwlib.o
 .group         0x00000000        0x8 hwlib.o
 .group         0x00000000        0x8 hwlib.o
 .group         0x00000000        0x8 hwlib.o
 .group         0x00000000        0x8 hwlib.o
 .group         0x00000000        0x8 hwlib.o
 .group         0x00000000        0x8 hwlib.o
 .group         0x00000000        0x8 hwlib.o
 .group         0x00000000        0x8 hwlib.o
 .group         0x00000000        0x8 hwlib.o
 .group         0x00000000        0x8 hwlib.o
 .group         0x00000000        0x8 hwlib.o
 .group         0x00000000        0x8 hwlib.o
 .group         0x00000000        0x8 hwlib.o
 .group         0x00000000        0x8 hwlib.o
 .group         0x00000000        0x8 hwlib.o
 .group         0x00000000        0x8 hwlib.o
 .group         0x00000000        0x8 hwlib.o
 .group         0x00000000        0x8 hwlib.o
 .group         0x00000000        0x8 hwlib.o
 .group         0x00000000        0x8 hwlib.o
 .group         0x00000000        0x8 hwlib.o
 .group         0x00000000        0x8 hwlib.o
 .group         0x00000000        0x8 hwlib.o
 .group         0x00000000        0x8 hwlib.o
 .group         0x00000000        0x8 hwlib.o
 .group         0x00000000        0x8 hwlib.o
 .group         0x00000000        0x8 hwlib.o
 .group         0x00000000        0x8 hwlib.o
 .group         0x00000000        0x8 hwlib.o
 .group         0x00000000        0x8 hwlib.o
 .group         0x00000000        0x8 hwlib.o
 .group         0x00000000        0x8 hwlib.o
 .group         0x00000000        0x8 hwlib.o
 .group         0x00000000        0x8 hwlib.o
 .group         0x00000000        0x8 hwlib.o
 .group         0x00000000        0x8 hwlib.o
 .group         0x00000000        0x8 hwlib.o
 .group         0x00000000        0x8 hwlib.o
 .group         0x00000000        0x8 hwlib.o
 .group         0x00000000        0x8 hwlib.o
 .group         0x00000000        0x8 hwlib.o
 .group         0x00000000        0x8 hwlib.o
 .group         0x00000000        0x8 hwlib.o
 .group         0x00000000        0x8 hwlib.o
 .group         0x00000000        0x8 hwlib.o
 .group         0x00000000        0x8 hwlib.o
 .group         0x00000000        0x8 hwlib.o
 .group         0x00000000        0x8 hwlib.o
 .group         0x00000000        0x8 hwlib.o
 .group         0x00000000        0x8 hwlib.o
 .group         0x00000000        0x8 hwlib.o
 .group         0x00000000        0x8 hwlib.o
 .group         0x00000000        0x8 hwlib.o
 .group         0x00000000        0x8 hwlib.o
 .group         0x00000000        0x8 hwlib.o
 .group         0x00000000        0x8 hwlib.o
 .group         0x00000000        0x8 hwlib.o
 .group         0x00000000        0x8 hwlib.o
 .group         0x00000000        0x8 hwlib.o
 .group         0x00000000        0x8 hwlib.o
 .group         0x00000000        0x8 hwlib.o
 .group         0x00000000        0x8 hwlib.o
 .group         0x00000000        0x8 hwlib.o
 .group         0x00000000        0x8 hwlib.o
 .group         0x00000000        0x8 hwlib.o
 .group         0x00000000        0x8 hwlib.o
 .group         0x00000000        0x8 hwlib.o
 .group         0x00000000        0x8 hwlib.o
 .group         0x00000000        0x8 hwlib.o
 .group         0x00000000        0x8 hwlib.o
 .group         0x00000000        0x8 hwlib.o
 .group         0x00000000        0x8 hwlib.o
 .group         0x00000000        0x8 hwlib.o
 .group         0x00000000        0x8 hwlib.o
 .group         0x00000000        0x8 hwlib.o
 .group         0x00000000        0x8 hwlib.o
 .group         0x00000000        0x8 hwlib.o
 .group         0x00000000        0x8 hwlib.o
 .group         0x00000000        0x8 hwlib.o
 .group         0x00000000        0x8 hwlib.o
 .group         0x00000000        0x8 hwlib.o
 .group         0x00000000        0x8 hwlib.o
 .group         0x00000000        0x8 hwlib.o
 .group         0x00000000        0x8 hwlib.o
 .group         0x00000000        0x8 hwlib.o
 .group         0x00000000        0x8 hwlib.o
 .group         0x00000000        0x8 hwlib.o
 .group         0x00000000        0x8 hwlib.o
 .group         0x00000000        0x8 hwlib.o
 .group         0x00000000        0x8 hwlib.o
 .group         0x00000000        0x8 hwlib.o
 .group         0x00000000        0x8 hwlib.o
 .group         0x00000000        0x8 hwlib.o
 .group         0x00000000        0x8 hwlib.o
 .group         0x00000000        0x8 hwlib.o
 .group         0x00000000        0x8 hwlib.o
 .group         0x00000000        0x8 hwlib.o
 .group         0x00000000        0x8 hwlib.o
 .group         0x00000000        0x8 hwlib.o
 .group         0x00000000        0x8 hwlib.o
 .group         0x00000000        0x8 hwlib.o
 .group         0x00000000        0x8 hwlib.o
 .group         0x00000000        0x8 hwlib.o
 .group         0x00000000        0x8 hwlib.o
 .group         0x00000000        0x8 hwlib.o
 .group         0x00000000        0x8 hwlib.o
 .group         0x00000000        0x8 hwlib.o
 .group         0x00000000        0x8 hwlib.o
 .group         0x00000000        0x8 hwlib.o
 .group         0x00000000        0x8 hwlib.o
 .group         0x00000000        0x8 hwlib.o
 .group         0x00000000        0x8 hwlib.o
 .group         0x00000000        0x8 hwlib.o
 .group         0x00000000        0x8 hwlib.o
 .group         0x00000000        0x8 hwlib.o
 .group         0x00000000        0x8 hwlib.o
 .group         0x00000000        0x8 hwlib.o
 .group         0x00000000        0x8 hwlib.o
 .group         0x00000000        0x8 hwlib.o
 .group         0x00000000        0x8 hwlib.o
 .group         0x00000000        0x8 hwlib.o
 .group         0x00000000        0x8 hwlib.o
 .group         0x00000000        0x8 hwlib.o
 .group         0x00000000        0x8 hwlib.o
 .group         0x00000000        0x8 hwlib.o
 .group         0x00000000        0x8 hwlib.o
 .group         0x00000000        0x8 hwlib.o
 .group         0x00000000        0x8 hwlib.o
 .group         0x00000000        0x8 hwlib.o
 .group         0x00000000        0x8 hwlib.o
 .group         0x00000000        0x8 hwlib.o
 .group         0x00000000        0x8 hwlib.o
 .group         0x00000000        0x8 hwlib.o
 .group         0x00000000        0x8 hwlib.o
 .group         0x00000000        0x8 hwlib.o
 .group         0x00000000        0x8 hwlib.o
 .group         0x00000000        0x8 hwlib.o
 .group         0x00000000        0x8 hwlib.o
 .group         0x00000000        0x8 hwlib.o
 .group         0x00000000        0xc hwlib.o
 .group         0x00000000        0x8 hwlib.o
 .group         0x00000000        0x8 hwlib.o
 .group         0x00000000        0x8 hwlib.o
 .group         0x00000000        0x8 hwlib.o
 .group         0x00000000        0x8 hwlib.o
 .group         0x00000000        0x8 hwlib.o
 .group         0x00000000        0x8 hwlib.o
 .group         0x00000000        0xc hwlib.o
 .group         0x00000000        0x8 hwlib.o
 .group         0x00000000        0xc hwlib.o
 .group         0x00000000        0xc hwlib.o
 .group         0x00000000        0x8 hwlib.o
 .group         0x00000000        0xc hwlib.o
 .group         0x00000000        0xc hwlib.o
 .group         0x00000000        0x8 hwlib.o
 .group         0x00000000        0xc hwlib.o
 .group         0x00000000        0xc hwlib.o
 .group         0x00000000        0xc hwlib.o
 .group         0x00000000        0xc hwlib.o
 .group         0x00000000        0xc hwlib.o
 .group         0x00000000        0x8 hwlib.o
 .group         0x00000000        0xc hwlib.o
 .group         0x00000000        0xc hwlib.o
 .group         0x00000000        0xc hwlib.o
 .group         0x00000000        0xc hwlib.o
 .group         0x00000000        0xc hwlib.o
 .group         0x00000000        0xc hwlib.o
 .group         0x00000000        0xc hwlib.o
 .group         0x00000000        0xc hwlib.o
 .group         0x00000000        0xc hwlib.o
 .group         0x00000000        0xc hwlib.o
 .group         0x00000000        0xc hwlib.o
 .group         0x00000000        0xc hwlib.o
 .group         0x00000000        0xc hwlib.o
 .group         0x00000000        0xc hwlib.o
 .group         0x00000000        0xc hwlib.o
 .group         0x00000000        0xc hwlib.o
 .group         0x00000000        0xc hwlib.o
 .group         0x00000000        0xc hwlib.o
 .group         0x00000000        0xc hwlib.o
 .group         0x00000000        0xc hwlib.o
 .group         0x00000000        0xc hwlib.o
 .group         0x00000000        0xc hwlib.o
 .group         0x00000000        0xc hwlib.o
 .group         0x00000000        0xc hwlib.o
 .group         0x00000000        0xc hwlib.o
 .group         0x00000000        0xc hwlib.o
 .group         0x00000000        0xc hwlib.o
 .group         0x00000000        0xc hwlib.o
 .group         0x00000000        0xc hwlib.o
 .group         0x00000000        0xc hwlib.o
 .group         0x00000000        0xc hwlib.o
 .group         0x00000000        0xc hwlib.o
 .group         0x00000000        0xc hwlib.o
 .group         0x00000000        0xc hwlib.o
 .group         0x00000000        0xc hwlib.o
 .group         0x00000000        0xc hwlib.o
 .group         0x00000000        0xc hwlib.o
 .group         0x00000000        0xc hwlib.o
 .group         0x00000000        0xc hwlib.o
 .group         0x00000000        0xc hwlib.o
 .group         0x00000000        0xc hwlib.o
 .group         0x00000000        0xc hwlib.o
 .group         0x00000000        0xc hwlib.o
 .group         0x00000000        0xc hwlib.o
 .group         0x00000000        0xc hwlib.o
 .group         0x00000000        0xc hwlib.o
 .group         0x00000000        0xc hwlib.o
 .group         0x00000000        0xc hwlib.o
 .group         0x00000000        0xc hwlib.o
 .group         0x00000000        0xc hwlib.o
 .group         0x00000000        0xc hwlib.o
 .group         0x00000000        0xc hwlib.o
 .group         0x00000000        0xc hwlib.o
 .group         0x00000000        0xc hwlib.o
 .group         0x00000000        0xc hwlib.o
 .group         0x00000000        0xc hwlib.o
 .group         0x00000000        0xc hwlib.o
 .group         0x00000000        0xc hwlib.o
 .group         0x00000000        0xc hwlib.o
 .group         0x00000000        0xc hwlib.o
 .group         0x00000000        0xc hwlib.o
 .group         0x00000000        0xc hwlib.o
 .group         0x00000000        0xc hwlib.o
 .group         0x00000000        0xc hwlib.o
 .group         0x00000000        0xc hwlib.o
 .group         0x00000000        0xc hwlib.o
 .group         0x00000000        0xc hwlib.o
 .group         0x00000000        0xc hwlib.o
 .text          0x00000000        0x0 hwlib.o
 .data          0x00000000        0x0 hwlib.o
 .bss           0x00000000        0x0 hwlib.o
 .text._ZN5hwlib18pin_in_out_dummy_t5writeEb
                0x00000000        0x2 hwlib.o
 .text._ZN5hwlib18pin_in_out_dummy_t4readEv
                0x00000000        0x4 hwlib.o
 .text._ZN5hwlib18pin_in_out_dummy_t19direction_set_inputEv
                0x00000000        0x2 hwlib.o
 .text._ZN5hwlib18pin_in_out_dummy_t20direction_set_outputEv
                0x00000000        0x2 hwlib.o
 .text._ZN5hwlib18pin_in_out_dummy_t5flushEv
                0x00000000        0x2 hwlib.o
 .text._ZN5hwlib18pin_in_out_dummy_t7refreshEv
                0x00000000        0x2 hwlib.o
 .text._ZN5hwlib18pin_in_out_dummy_t15direction_flushEv
                0x00000000        0x2 hwlib.o
 .text._ZN5hwlib14pin_in_dummy_t4readEv
                0x00000000        0x4 hwlib.o
 .text._ZN5hwlib14pin_in_dummy_t7refreshEv
                0x00000000        0x2 hwlib.o
 .text._ZN5hwlib15pin_out_dummy_t5writeEb
                0x00000000        0x2 hwlib.o
 .text._ZN5hwlib15pin_out_dummy_t5flushEv
                0x00000000        0x2 hwlib.o
 .text._ZN5hwlib14pin_oc_dummy_t5writeEb
                0x00000000        0x2 hwlib.o
 .text._ZN5hwlib14pin_oc_dummy_t4readEv
                0x00000000        0x4 hwlib.o
 .text._ZN5hwlib14pin_oc_dummy_t5flushEv
                0x00000000        0x2 hwlib.o
 .text._ZN5hwlib14pin_oc_dummy_t7refreshEv
                0x00000000        0x2 hwlib.o
 .text._ZN5hwlib17pin_out_from_oc_t5writeEb
                0x00000000        0x8 hwlib.o
 .text._ZN5hwlib17pin_out_from_oc_t5flushEv
                0x00000000        0x8 hwlib.o
 .text._ZN5hwlib18pin_out_from_out_t5writeEb
                0x00000000        0x8 hwlib.o
 .text._ZN5hwlib18pin_out_from_out_t5flushEv
                0x00000000        0x8 hwlib.o
 .text._ZN5hwlib21pin_out_from_in_out_t5writeEb
                0x00000000        0x8 hwlib.o
 .text._ZN5hwlib21pin_out_from_in_out_t5flushEv
                0x00000000        0x8 hwlib.o
 .text._ZN5hwlib16pin_in_from_oc_t4readEv
                0x00000000        0x8 hwlib.o
 .text._ZN5hwlib16pin_in_from_oc_t7refreshEv
                0x00000000        0x8 hwlib.o
 .text._ZN5hwlib16pin_in_from_in_t4readEv
                0x00000000        0x8 hwlib.o
 .text._ZN5hwlib16pin_in_from_in_t7refreshEv
                0x00000000        0x8 hwlib.o
 .text._ZN5hwlib20pin_in_from_in_out_t4readEv
                0x00000000        0x8 hwlib.o
 .text._ZN5hwlib20pin_in_from_in_out_t7refreshEv
                0x00000000        0x8 hwlib.o
 .text._ZN5hwlib20pin_in_out_from_oc_t19direction_set_inputEv
                0x00000000        0xe hwlib.o
 .text._ZN5hwlib20pin_in_out_from_oc_t20direction_set_outputEv
                0x00000000        0x6 hwlib.o
 .text._ZN5hwlib20pin_in_out_from_oc_t4readEv
                0x00000000        0x8 hwlib.o
 .text._ZN5hwlib20pin_in_out_from_oc_t5flushEv
                0x00000000        0x8 hwlib.o
 .text._ZN5hwlib20pin_in_out_from_oc_t7refreshEv
                0x00000000        0x8 hwlib.o
 .text._ZN5hwlib20pin_in_out_from_oc_t15direction_flushEv
                0x00000000        0x8 hwlib.o
 .text._ZN5hwlib24pin_in_out_from_in_out_t19direction_set_inputEv
                0x00000000        0x8 hwlib.o
 .text._ZN5hwlib24pin_in_out_from_in_out_t20direction_set_outputEv
                0x00000000        0x8 hwlib.o
 .text._ZN5hwlib24pin_in_out_from_in_out_t4readEv
                0x00000000        0x8 hwlib.o
 .text._ZN5hwlib24pin_in_out_from_in_out_t5writeEb
                0x00000000        0x8 hwlib.o
 .text._ZN5hwlib24pin_in_out_from_in_out_t5flushEv
                0x00000000        0x8 hwlib.o
 .text._ZN5hwlib24pin_in_out_from_in_out_t7refreshEv
                0x00000000        0x8 hwlib.o
 .text._ZN5hwlib24pin_in_out_from_in_out_t15direction_flushEv
                0x00000000        0x8 hwlib.o
 .text._ZN5hwlib16pin_oc_from_oc_t4readEv
                0x00000000        0x8 hwlib.o
 .text._ZN5hwlib16pin_oc_from_oc_t5writeEb
                0x00000000        0x8 hwlib.o
 .text._ZN5hwlib16pin_oc_from_oc_t5flushEv
                0x00000000        0x8 hwlib.o
 .text._ZN5hwlib16pin_oc_from_oc_t7refreshEv
                0x00000000        0x8 hwlib.o
 .text._ZN5hwlib20pin_oc_from_in_out_t4readEv
                0x00000000        0x8 hwlib.o
 .text._ZN5hwlib20pin_oc_from_in_out_t5flushEv
                0x00000000       0x18 hwlib.o
 .text._ZN5hwlib20pin_oc_from_in_out_t7refreshEv
                0x00000000        0x8 hwlib.o
 .text._ZN5hwlib21pin_invert_from_out_t5writeEb
                0x00000000        0xc hwlib.o
 .text._ZN5hwlib21pin_invert_from_out_t5flushEv
                0x00000000        0x8 hwlib.o
 .text._ZN5hwlib20pin_invert_from_in_t4readEv
                0x00000000       0x12 hwlib.o
 .text._ZN5hwlib20pin_invert_from_in_t7refreshEv
                0x00000000        0x8 hwlib.o
 .text._ZN5hwlib24pin_invert_from_in_out_t4readEv
                0x00000000       0x12 hwlib.o
 .text._ZN5hwlib24pin_invert_from_in_out_t5writeEb
                0x00000000        0xc hwlib.o
 .text._ZN5hwlib24pin_invert_from_in_out_t19direction_set_inputEv
                0x00000000        0x8 hwlib.o
 .text._ZN5hwlib24pin_invert_from_in_out_t20direction_set_outputEv
                0x00000000        0x8 hwlib.o
 .text._ZN5hwlib24pin_invert_from_in_out_t7refreshEv
                0x00000000        0x8 hwlib.o
 .text._ZN5hwlib24pin_invert_from_in_out_t5flushEv
                0x00000000        0x8 hwlib.o
 .text._ZN5hwlib24pin_invert_from_in_out_t15direction_flushEv
                0x00000000        0x8 hwlib.o
 .text._ZN5hwlib20pin_invert_from_oc_t4readEv
                0x00000000       0x12 hwlib.o
 .text._ZN5hwlib20pin_invert_from_oc_t5writeEb
                0x00000000        0xc hwlib.o
 .text._ZN5hwlib20pin_invert_from_oc_t7refreshEv
                0x00000000        0x8 hwlib.o
 .text._ZN5hwlib20pin_invert_from_oc_t5flushEv
                0x00000000        0x8 hwlib.o
 .text._ZN5hwlib18all_from_pin_out_t5writeEb
                0x00000000       0x1e hwlib.o
 .text._ZN5hwlib18all_from_pin_out_t5flushEv
                0x00000000       0x1a hwlib.o
 .text._ZN5hwlib24pin_direct_from_in_out_t5writeEb
                0x00000000       0x18 hwlib.o
 .text._ZN5hwlib24pin_direct_from_in_out_t4readEv
                0x00000000       0x18 hwlib.o
 .text._ZN5hwlib24pin_direct_from_in_out_t19direction_set_inputEv
                0x00000000       0x18 hwlib.o
 .text._ZN5hwlib24pin_direct_from_in_out_t20direction_set_outputEv
                0x00000000       0x18 hwlib.o
 .text._ZN5hwlib24pin_direct_from_in_out_t5flushEv
                0x00000000        0x2 hwlib.o
 .text._ZN5hwlib24pin_direct_from_in_out_t7refreshEv
                0x00000000        0x2 hwlib.o
 .text._ZN5hwlib24pin_direct_from_in_out_t15direction_flushEv
                0x00000000        0x2 hwlib.o
 .text._ZN5hwlib20pin_direct_from_in_t4readEv
                0x00000000       0x18 hwlib.o
 .text._ZN5hwlib20pin_direct_from_in_t7refreshEv
                0x00000000        0x2 hwlib.o
 .text._ZN5hwlib21pin_direct_from_out_t5writeEb
                0x00000000       0x18 hwlib.o
 .text._ZN5hwlib21pin_direct_from_out_t5flushEv
                0x00000000        0x2 hwlib.o
 .text._ZN5hwlib20pin_direct_from_oc_t5writeEb
                0x00000000       0x18 hwlib.o
 .text._ZN5hwlib20pin_direct_from_oc_t4readEv
                0x00000000       0x18 hwlib.o
 .text._ZN5hwlib20pin_direct_from_oc_t5flushEv
                0x00000000        0x2 hwlib.o
 .text._ZN5hwlib20pin_direct_from_oc_t7refreshEv
                0x00000000        0x2 hwlib.o
 .text._ZN5hwlib18port_out_from_oc_t14number_of_pinsEv
                0x00000000        0x8 hwlib.o
 .text._ZN5hwlib18port_out_from_oc_t5writeEj
                0x00000000        0x8 hwlib.o
 .text._ZN5hwlib18port_out_from_oc_t5flushEv
                0x00000000        0x8 hwlib.o
 .text._ZN5hwlib19port_out_from_out_t14number_of_pinsEv
                0x00000000        0x8 hwlib.o
 .text._ZN5hwlib19port_out_from_out_t5writeEj
                0x00000000        0x8 hwlib.o
 .text._ZN5hwlib19port_out_from_out_t5flushEv
                0x00000000        0x8 hwlib.o
 .text._ZN5hwlib22port_out_from_in_out_t14number_of_pinsEv
                0x00000000        0x8 hwlib.o
 .text._ZN5hwlib22port_out_from_in_out_t5writeEj
                0x00000000        0x8 hwlib.o
 .text._ZN5hwlib22port_out_from_in_out_t5flushEv
                0x00000000        0x8 hwlib.o
 .text._ZN5hwlib17port_in_from_oc_t14number_of_pinsEv
                0x00000000        0x8 hwlib.o
 .text._ZN5hwlib17port_in_from_oc_t4readEv
                0x00000000        0x8 hwlib.o
 .text._ZN5hwlib17port_in_from_oc_t7refreshEv
                0x00000000        0x8 hwlib.o
 .text._ZN5hwlib17port_in_from_in_t14number_of_pinsEv
                0x00000000        0x8 hwlib.o
 .text._ZN5hwlib17port_in_from_in_t4readEv
                0x00000000        0x8 hwlib.o
 .text._ZN5hwlib17port_in_from_in_t7refreshEv
                0x00000000        0x8 hwlib.o
 .text._ZN5hwlib21port_in_from_in_out_t14number_of_pinsEv
                0x00000000        0x8 hwlib.o
 .text._ZN5hwlib21port_in_from_in_out_t4readEv
                0x00000000        0x8 hwlib.o
 .text._ZN5hwlib21port_in_from_in_out_t7refreshEv
                0x00000000        0x8 hwlib.o
 .text._ZN5hwlib21port_in_out_from_oc_t14number_of_pinsEv
                0x00000000        0x8 hwlib.o
 .text._ZN5hwlib21port_in_out_from_oc_t19direction_set_inputEv
                0x00000000        0xe hwlib.o
 .text._ZN5hwlib21port_in_out_from_oc_t20direction_set_outputEv
                0x00000000        0x6 hwlib.o
 .text._ZN5hwlib21port_in_out_from_oc_t4readEv
                0x00000000        0x8 hwlib.o
 .text._ZN5hwlib21port_in_out_from_oc_t5flushEv
                0x00000000        0x8 hwlib.o
 .text._ZN5hwlib21port_in_out_from_oc_t7refreshEv
                0x00000000        0x8 hwlib.o
 .text._ZN5hwlib21port_in_out_from_oc_t15direction_flushEv
                0x00000000        0x8 hwlib.o
 .text._ZN5hwlib25port_in_out_from_in_out_t14number_of_pinsEv
                0x00000000        0x8 hwlib.o
 .text._ZN5hwlib25port_in_out_from_in_out_t19direction_set_inputEv
                0x00000000        0x8 hwlib.o
 .text._ZN5hwlib25port_in_out_from_in_out_t20direction_set_outputEv
                0x00000000        0x8 hwlib.o
 .text._ZN5hwlib25port_in_out_from_in_out_t4readEv
                0x00000000        0x8 hwlib.o
 .text._ZN5hwlib25port_in_out_from_in_out_t5writeEj
                0x00000000        0x8 hwlib.o
 .text._ZN5hwlib25port_in_out_from_in_out_t5flushEv
                0x00000000        0x8 hwlib.o
 .text._ZN5hwlib25port_in_out_from_in_out_t7refreshEv
                0x00000000        0x8 hwlib.o
 .text._ZN5hwlib25port_in_out_from_in_out_t15direction_flushEv
                0x00000000        0x8 hwlib.o
 .text._ZN5hwlib17port_oc_from_oc_t14number_of_pinsEv
                0x00000000        0x8 hwlib.o
 .text._ZN5hwlib17port_oc_from_oc_t4readEv
                0x00000000        0x8 hwlib.o
 .text._ZN5hwlib17port_oc_from_oc_t5writeEj
                0x00000000        0x8 hwlib.o
 .text._ZN5hwlib17port_oc_from_oc_t5flushEv
                0x00000000        0x8 hwlib.o
 .text._ZN5hwlib17port_oc_from_oc_t7refreshEv
                0x00000000        0x8 hwlib.o
 .text._ZN5hwlib23port_in_out_from_pins_t14number_of_pinsEv
                0x00000000        0x4 hwlib.o
 .text._ZN5hwlib23port_in_out_from_pins_t19direction_set_inputEv
                0x00000000       0x20 hwlib.o
 .text._ZN5hwlib23port_in_out_from_pins_t20direction_set_outputEv
                0x00000000       0x20 hwlib.o
 .text._ZN5hwlib23port_in_out_from_pins_t15direction_flushEv
                0x00000000       0x20 hwlib.o
 .text._ZN5hwlib23port_in_out_from_pins_t4readEv
                0x00000000       0x2a hwlib.o
 .text._ZN5hwlib23port_in_out_from_pins_t7refreshEv
                0x00000000       0x20 hwlib.o
 .text._ZN5hwlib23port_in_out_from_pins_t5writeEj
                0x00000000       0x28 hwlib.o
 .text._ZN5hwlib23port_in_out_from_pins_t5flushEv
                0x00000000       0x20 hwlib.o
 .text._ZN5hwlib19port_in_from_pins_t14number_of_pinsEv
                0x00000000        0x4 hwlib.o
 .text._ZN5hwlib19port_in_from_pins_t4readEv
                0x00000000       0x2a hwlib.o
 .text._ZN5hwlib19port_in_from_pins_t7refreshEv
                0x00000000       0x20 hwlib.o
 .text._ZN5hwlib20port_out_from_pins_t14number_of_pinsEv
                0x00000000        0x4 hwlib.o
 .text._ZN5hwlib20port_out_from_pins_t5writeEj
                0x00000000       0x28 hwlib.o
 .text._ZN5hwlib20port_out_from_pins_t5flushEv
                0x00000000       0x20 hwlib.o
 .text._ZN5hwlib23port_out_from_pins_oc_t14number_of_pinsEv
                0x00000000        0x4 hwlib.o
 .text._ZN5hwlib23port_out_from_pins_oc_t5writeEj
                0x00000000       0x28 hwlib.o
 .text._ZN5hwlib23port_out_from_pins_oc_t5flushEv
                0x00000000       0x20 hwlib.o
 .text._ZN5hwlib19port_oc_from_pins_t14number_of_pinsEv
                0x00000000        0x4 hwlib.o
 .text._ZN5hwlib19port_oc_from_pins_t4readEv
                0x00000000       0x2a hwlib.o
 .text._ZN5hwlib19port_oc_from_pins_t5writeEj
                0x00000000       0x28 hwlib.o
 .text._ZN5hwlib19port_oc_from_pins_t7refreshEv
                0x00000000       0x20 hwlib.o
 .text._ZN5hwlib19port_oc_from_pins_t5flushEv
                0x00000000       0x20 hwlib.o
 .text._ZN5hwlib25port_invert_from_in_out_t19direction_set_inputEv
                0x00000000        0x8 hwlib.o
 .text._ZN5hwlib25port_invert_from_in_out_t20direction_set_outputEv
                0x00000000        0x8 hwlib.o
 .text._ZN5hwlib25port_invert_from_in_out_t14number_of_pinsEv
                0x00000000        0x8 hwlib.o
 .text._ZN5hwlib25port_invert_from_in_out_t4readEv
                0x00000000        0xe hwlib.o
 .text._ZN5hwlib25port_invert_from_in_out_t7refreshEv
                0x00000000        0x8 hwlib.o
 .text._ZN5hwlib25port_invert_from_in_out_t5writeEj
                0x00000000        0xa hwlib.o
 .text._ZN5hwlib25port_invert_from_in_out_t5flushEv
                0x00000000        0x8 hwlib.o
 .text._ZN5hwlib25port_invert_from_in_out_t15direction_flushEv
                0x00000000        0x8 hwlib.o
 .text._ZN5hwlib21port_invert_from_in_t14number_of_pinsEv
                0x00000000        0x8 hwlib.o
 .text._ZN5hwlib21port_invert_from_in_t4readEv
                0x00000000        0xe hwlib.o
 .text._ZN5hwlib21port_invert_from_in_t7refreshEv
                0x00000000        0x8 hwlib.o
 .text._ZN5hwlib22port_invert_from_out_t14number_of_pinsEv
                0x00000000        0x8 hwlib.o
 .text._ZN5hwlib22port_invert_from_out_t5writeEj
                0x00000000        0xa hwlib.o
 .text._ZN5hwlib22port_invert_from_out_t5flushEv
                0x00000000        0x8 hwlib.o
 .text._ZN5hwlib21port_invert_from_oc_t14number_of_pinsEv
                0x00000000        0x8 hwlib.o
 .text._ZN5hwlib21port_invert_from_oc_t4readEv
                0x00000000        0xe hwlib.o
 .text._ZN5hwlib21port_invert_from_oc_t7refreshEv
                0x00000000        0x8 hwlib.o
 .text._ZN5hwlib21port_invert_from_oc_t5writeEj
                0x00000000        0xa hwlib.o
 .text._ZN5hwlib21port_invert_from_oc_t5flushEv
                0x00000000        0x8 hwlib.o
 .text._ZN5hwlib19all_from_port_out_t5writeEb
                0x00000000       0x10 hwlib.o
 .text._ZN5hwlib19all_from_port_out_t5flushEv
                0x00000000        0x8 hwlib.o
 .text._ZN5hwlib25port_direct_from_in_out_t14number_of_pinsEv
                0x00000000        0x8 hwlib.o
 .text._ZN5hwlib25port_direct_from_in_out_t5writeEj
                0x00000000       0x18 hwlib.o
 .text._ZN5hwlib25port_direct_from_in_out_t4readEv
                0x00000000       0x18 hwlib.o
 .text._ZN5hwlib25port_direct_from_in_out_t19direction_set_inputEv
                0x00000000       0x18 hwlib.o
 .text._ZN5hwlib25port_direct_from_in_out_t20direction_set_outputEv
                0x00000000       0x18 hwlib.o
 .text._ZN5hwlib25port_direct_from_in_out_t5flushEv
                0x00000000        0x2 hwlib.o
 .text._ZN5hwlib25port_direct_from_in_out_t7refreshEv
                0x00000000        0x2 hwlib.o
 .text._ZN5hwlib25port_direct_from_in_out_t15direction_flushEv
                0x00000000        0x2 hwlib.o
 .text._ZN5hwlib21port_direct_from_in_t14number_of_pinsEv
                0x00000000        0x8 hwlib.o
 .text._ZN5hwlib21port_direct_from_in_t4readEv
                0x00000000       0x18 hwlib.o
 .text._ZN5hwlib21port_direct_from_in_t7refreshEv
                0x00000000        0x2 hwlib.o
 .text._ZN5hwlib22port_direct_from_out_t14number_of_pinsEv
                0x00000000        0x8 hwlib.o
 .text._ZN5hwlib22port_direct_from_out_t5writeEj
                0x00000000       0x18 hwlib.o
 .text._ZN5hwlib22port_direct_from_out_t5flushEv
                0x00000000        0x2 hwlib.o
 .text._ZN5hwlib21port_direct_from_oc_t14number_of_pinsEv
                0x00000000        0x8 hwlib.o
 .text._ZN5hwlib21port_direct_from_oc_t5writeEj
                0x00000000       0x18 hwlib.o
 .text._ZN5hwlib21port_direct_from_oc_t4readEv
                0x00000000       0x18 hwlib.o
 .text._ZN5hwlib21port_direct_from_oc_t5flushEv
                0x00000000        0x2 hwlib.o
 .text._ZN5hwlib21port_direct_from_oc_t7refreshEv
                0x00000000        0x2 hwlib.o
 .text._ZN5hwlib7istream11getc_nowaitEv
                0x00000000       0x1a hwlib.o
 .text._ZN5hwlib13servo_dummy_t8write_usEi
                0x00000000        0x2 hwlib.o
 .text._ZN5hwlib14servo_invert_t8write_usEi
                0x00000000       0x12 hwlib.o
 .text._ZN5hwlib11servo_all_t8write_usEi
                0x00000000       0x20 hwlib.o
 .text._ZNK5hwlib9image_8x819read_implementationENS_2xyE
                0x00000000       0x4c hwlib.o
 .text._ZN5hwlib13window_part_t5flushEv
                0x00000000        0x8 hwlib.o
 .text._ZN5hwlib15window_invert_t5flushEv
                0x00000000        0x8 hwlib.o
 .text._ZN5hwlib20pin_in_out_from_oc_t5writeEb
                0x00000000        0xe hwlib.o
 .text._ZN5hwlib20pin_oc_from_in_out_t5writeEb
                0x00000000       0x26 hwlib.o
 .text._ZN5hwlib21port_in_out_from_oc_t5writeEj
                0x00000000        0xe hwlib.o
 .text._ZN5hwlib7ostream7reverse10add_prefixERKS0_.part.0
                0x00000000       0x46 hwlib.o
 .text._ZN5hwlib6window20clear_implementationENS_5colorE
                0x00000000       0x6c hwlib.o
 .text._ZN5hwlib6window5clearENS_5colorE
                0x00000000       0x50 hwlib.o
 .text._ZN5hwlib5panicEPKcj
                0x00000000        0x2 hwlib.o
 .text._ZN5hwlib3allENS_2xyE
                0x00000000       0x16 hwlib.o
 .text._ZNK5hwlib5colorngEv
                0x00000000       0x2e hwlib.o
 .text._ZN5hwlib4randEv
                0x00000000       0x1c hwlib.o
 .text._ZN5hwlib9random_inEjj
                0x00000000       0x1a hwlib.o
 .text._ZN5hwlib9random_inERKNS_2xyE
                0x00000000       0x24 hwlib.o
 .text._ZN5hwlib21pin_out_from_in_out_tC2ERNS_10pin_in_outE
                0x00000000       0x24 hwlib.o
 .text._ZN5hwlib12pin_out_fromERNS_6pin_ocE
                0x00000000        0xc hwlib.o
 .text._ZN5hwlib12pin_out_fromERNS_7pin_outE
                0x00000000        0xc hwlib.o
 .text._ZN5hwlib12pin_out_fromERNS_10pin_in_outE
                0x00000000        0xc hwlib.o
 .text._ZN5hwlib11pin_in_fromERNS_6pin_inE
                0x00000000        0xc hwlib.o
 .text._ZN5hwlib11pin_in_fromERNS_10pin_in_outE
                0x00000000       0x24 hwlib.o
 .text._ZN5hwlib11pin_in_fromERNS_6pin_ocE
                0x00000000       0x28 hwlib.o
 .text._ZN5hwlib15pin_in_out_fromERNS_6pin_ocE
                0x00000000        0xc hwlib.o
 .text._ZN5hwlib15pin_in_out_fromERNS_10pin_in_outE
                0x00000000        0xc hwlib.o
 .text._ZN5hwlib11pin_oc_fromERNS_6pin_ocE
                0x00000000        0xc hwlib.o
 .text._ZN5hwlib11pin_oc_fromERNS_10pin_in_outE
                0x00000000        0xc hwlib.o
 .text._ZN5hwlib6invertERNS_7pin_outE
                0x00000000        0xc hwlib.o
 .text._ZN5hwlib6invertERNS_6pin_inE
                0x00000000        0xc hwlib.o
 .text._ZN5hwlib6invertERNS_10pin_in_outE
                0x00000000        0xc hwlib.o
 .text._ZN5hwlib6invertERNS_6pin_ocE
                0x00000000        0xc hwlib.o
 .text._ZN5hwlib3allERNS_7pin_outES1_S1_S1_S1_S1_S1_S1_S1_S1_S1_S1_S1_S1_S1_S1_
                0x00000000       0x48 hwlib.o
 .text._ZN5hwlib6directERNS_7pin_outE
                0x00000000        0xc hwlib.o
 .text._ZN5hwlib6directERNS_6pin_inE
                0x00000000        0xc hwlib.o
 .text._ZN5hwlib6directERNS_10pin_in_outE
                0x00000000        0xc hwlib.o
 .text._ZN5hwlib6directERNS_6pin_ocE
                0x00000000        0xc hwlib.o
 .text._ZN5hwlib22port_out_from_in_out_tC2ERNS_11port_in_outE
                0x00000000       0x24 hwlib.o
 .text._ZN5hwlib13port_out_fromERNS_7port_ocE
                0x00000000        0xc hwlib.o
 .text._ZN5hwlib13port_out_fromERNS_8port_outE
                0x00000000        0xc hwlib.o
 .text._ZN5hwlib13port_out_fromERNS_11port_in_outE
                0x00000000        0xc hwlib.o
 .text._ZN5hwlib12port_in_fromERNS_7port_inE
                0x00000000        0xc hwlib.o
 .text._ZN5hwlib12port_in_fromERNS_11port_in_outE
                0x00000000       0x24 hwlib.o
 .text._ZN5hwlib12port_in_fromERNS_7port_ocE
                0x00000000       0x28 hwlib.o
 .text._ZN5hwlib16port_in_out_fromERNS_7port_ocE
                0x00000000        0xc hwlib.o
 .text._ZN5hwlib16port_in_out_fromERNS_11port_in_outE
                0x00000000        0xc hwlib.o
 .text._ZN5hwlib12port_oc_fromERNS_7port_ocE
                0x00000000        0xc hwlib.o
 .text._ZN5hwlib16port_in_out_fromERNS_10pin_in_outES1_S1_S1_S1_S1_S1_S1_S1_S1_S1_S1_S1_S1_S1_S1_
                0x00000000       0x68 hwlib.o
 .text._ZN5hwlib13port_out_fromERNS_6pin_ocES1_S1_S1_S1_S1_S1_S1_S1_S1_S1_S1_S1_S1_S1_S1_
                0x00000000       0x68 hwlib.o
 .text._ZN5hwlib13port_out_fromERNS_7pin_outES1_S1_S1_S1_S1_S1_S1_S1_S1_S1_S1_S1_S1_S1_S1_
                0x00000000       0x68 hwlib.o
 .text._ZN5hwlib12port_in_fromERNS_6pin_inES1_S1_S1_S1_S1_S1_S1_S1_S1_S1_S1_S1_S1_S1_S1_
                0x00000000       0x68 hwlib.o
 .text._ZN5hwlib12port_oc_fromERNS_6pin_ocES1_S1_S1_S1_S1_S1_S1_S1_S1_S1_S1_S1_S1_S1_S1_
                0x00000000       0x68 hwlib.o
 .text._ZN5hwlib6invertERNS_8port_outE
                0x00000000        0xc hwlib.o
 .text._ZN5hwlib6invertERNS_7port_inE
                0x00000000        0xc hwlib.o
 .text._ZN5hwlib6invertERNS_11port_in_outE
                0x00000000        0xc hwlib.o
 .text._ZN5hwlib6invertERNS_7port_ocE
                0x00000000        0xc hwlib.o
 .text._ZN5hwlib3allERNS_8port_outE
                0x00000000        0xc hwlib.o
 .text._ZN5hwlib6directERNS_8port_outE
                0x00000000        0xc hwlib.o
 .text._ZN5hwlib6directERNS_7port_inE
                0x00000000        0xc hwlib.o
 .text._ZN5hwlib6directERNS_11port_in_outE
                0x00000000        0xc hwlib.o
 .text._ZN5hwlib6directERNS_7port_ocE
                0x00000000        0xc hwlib.o
 .text._ZN5hwliblsERNS_7ostreamEi
                0x00000000       0x92 hwlib.o
 .text._ZN5hwlib6strlenEPKc
                0x00000000        0xe hwlib.o
 .rodata._ZN5hwlib8test_endEv.str1.1
                0x00000000       0x54 hwlib.o
 .text._ZN5hwlib8test_endEv
                0x00000000       0x58 hwlib.o
 .text._ZN5hwlib6invertERNS_5servoE
                0x00000000       0x20 hwlib.o
 .text._ZN5hwlib3allERNS_5servoES1_S1_S1_S1_S1_S1_S1_S1_S1_S1_S1_S1_S1_S1_S1_
                0x00000000       0x5c hwlib.o
 .text._ZNK5hwlib5image4readENS_2xyE
                0x00000000       0x38 hwlib.o
 .text._ZNK5hwlib16image_mirror_y_t19read_implementationENS_2xyE
                0x00000000       0x44 hwlib.o
 .text._ZNK5hwlib16image_mirror_x_t19read_implementationENS_2xyE
                0x00000000       0x46 hwlib.o
 .text._ZNK5hwlib17image_transpose_t19read_implementationENS_2xyE
                0x00000000       0x3e hwlib.o
 .text._ZNK5hwlib14image_invert_t19read_implementationENS_2xyE
                0x00000000       0x4a hwlib.o
 .text._ZNK5hwlib12image_part_t19read_implementationENS_2xyE
                0x00000000       0x4a hwlib.o
 .text._ZN5hwlib4partERKNS_5imageENS_2xyES3_
                0x00000000       0x28 hwlib.o
 .text._ZN5hwlib6invertERKNS_5imageE
                0x00000000       0x18 hwlib.o
 .text._ZN5hwlib9transposeERKNS_5imageE
                0x00000000       0x18 hwlib.o
 .text._ZN5hwlib8mirror_xERKNS_5imageE
                0x00000000       0x18 hwlib.o
 .text._ZN5hwlib8mirror_yERKNS_5imageE
                0x00000000       0x18 hwlib.o
 .text._ZN5hwlib6window5writeENS_2xyENS_5colorE
                0x00000000       0x5c hwlib.o
 .text._ZN5hwlib15window_invert_t20write_implementationENS_2xyENS_5colorE
                0x00000000       0x24 hwlib.o
 .text._ZN5hwlib13window_part_t20write_implementationENS_2xyENS_5colorE
                0x00000000       0x2c hwlib.o
 .text._ZN5hwlib6circle4drawERNS_6windowE
                0x00000000      0x16c hwlib.o
 .text._ZN5hwlib4line4drawERNS_6windowE
                0x00000000       0xa4 hwlib.o
 .text._ZN5hwlib4partERNS_6windowENS_2xyES2_
                0x00000000       0x30 hwlib.o
 .text._ZN5hwlib6invertERNS_6windowE
                0x00000000       0x38 hwlib.o
 .text._ZN9teensy_407binCoutEm
                0x00000000       0x84 hwlib.o
 .text._ZN9teensy_4019uart_char_availableEv
                0x00000000       0x14 hwlib.o
 .text._ZN9teensy_409uart_getcEv
                0x00000000       0x1c hwlib.o
 .text._ZN5hwlib19uart_char_availableEv
                0x00000000        0x4 hwlib.o
 .text._ZN5hwlib19cin_using_uart_getc14char_availableEv
                0x00000000        0x8 hwlib.o
 .text._ZN5hwlib9uart_getcEv
                0x00000000        0x4 hwlib.o
 .text._ZN5hwlib19cin_using_uart_getc4getcEv
                0x00000000        0x8 hwlib.o
 .text._ZN5hwlib9now_ticksEv
                0x00000000        0x8 hwlib.o
 .text._ZN5hwlib12ticks_per_usEv
                0x00000000        0x8 hwlib.o
 .text._ZN5hwlib12wait_us_busyEi
                0x00000000       0x1c hwlib.o
 .text._ZN5hwlib24uart_putc_bit_banged_pinEcRNS_7pin_outE
                0x00000000       0x54 hwlib.o
 .text._ZN5hwlib12wait_ns_busyEi
                0x00000000       0x10 hwlib.o
 .text._ZN5hwlib12wait_ms_busyEi
                0x00000000       0x16 hwlib.o
 .text._ZN5hwlib7wait_nsEi
                0x00000000       0x14 hwlib.o
 .text._ZN5hwlib24uart_getc_bit_banged_pinERNS_6pin_inE
                0x00000000       0x72 hwlib.o
 .text._ZN5hwlib5blinkERNS_7pin_outEj
                0x00000000       0x38 hwlib.o
 .text._ZN5hwlib5blinkERNS_10pin_in_outEj
                0x00000000       0x14 hwlib.o
 .text._ZN5hwlib5blinkERNS_6pin_ocEj
                0x00000000       0x14 hwlib.o
 .text._ZN5hwlib5blinkERNS_7pin_outEjj
                0x00000000       0x42 hwlib.o
 .text._ZN5hwlib5blinkERNS_6pin_ocEjj
                0x00000000       0x18 hwlib.o
 .text._ZN5hwlib5blinkERNS_10pin_in_outEjj
                0x00000000       0x1c hwlib.o
 .text._ZN5hwlib4kittERNS_8port_outEj
                0x00000000       0x50 hwlib.o
 .text._ZN5hwlib4kittERNS_11port_in_outEj
                0x00000000       0x14 hwlib.o
 .text._ZN5hwlib4kittERNS_7port_ocEj
                0x00000000       0x14 hwlib.o
 .text._ZN5hwlib5snakeERNS_8port_outEj
                0x00000000       0x30 hwlib.o
 .text._ZN5hwlib5snakeERNS_11port_in_outEj
                0x00000000       0x14 hwlib.o
 .text._ZN5hwlib5snakeERNS_7port_ocEj
                0x00000000       0x14 hwlib.o
 .text._ZN5hwlib14scrolling_textERNS_8terminalEPKcjjj
                0x00000000       0x64 hwlib.o
 .text._ZN5hwlib12dac_triangleERNS_3dacEj
                0x00000000       0x36 hwlib.o
 .text._ZN5hwlib21graphics_random_linesERNS_6windowEjRKNS_5colorE
                0x00000000       0x8c hwlib.o
 .text._ZN5hwlib23graphics_random_circlesERNS_6windowEjRKNS_5colorE
                0x00000000       0x98 hwlib.o
 .rodata._ZTVN5hwlib18pin_in_out_dummy_tE
                0x00000000       0x24 hwlib.o
 .rodata._ZTVN5hwlib14pin_in_dummy_tE
                0x00000000       0x10 hwlib.o
 .rodata._ZTVN5hwlib15pin_out_dummy_tE
                0x00000000       0x10 hwlib.o
 .rodata._ZTVN5hwlib14pin_oc_dummy_tE
                0x00000000       0x18 hwlib.o
 .rodata._ZTVN5hwlib17pin_out_from_oc_tE
                0x00000000       0x10 hwlib.o
 .rodata._ZTVN5hwlib18pin_out_from_out_tE
                0x00000000       0x10 hwlib.o
 .rodata._ZTVN5hwlib21pin_out_from_in_out_tE
                0x00000000       0x10 hwlib.o
 .rodata._ZTVN5hwlib16pin_in_from_oc_tE
                0x00000000       0x10 hwlib.o
 .rodata._ZTVN5hwlib16pin_in_from_in_tE
                0x00000000       0x10 hwlib.o
 .rodata._ZTVN5hwlib20pin_in_from_in_out_tE
                0x00000000       0x10 hwlib.o
 .rodata._ZTVN5hwlib20pin_in_out_from_oc_tE
                0x00000000       0x24 hwlib.o
 .rodata._ZTVN5hwlib24pin_in_out_from_in_out_tE
                0x00000000       0x24 hwlib.o
 .rodata._ZTVN5hwlib16pin_oc_from_oc_tE
                0x00000000       0x18 hwlib.o
 .rodata._ZTVN5hwlib20pin_oc_from_in_out_tE
                0x00000000       0x18 hwlib.o
 .rodata._ZTVN5hwlib21pin_invert_from_out_tE
                0x00000000       0x10 hwlib.o
 .rodata._ZTVN5hwlib20pin_invert_from_in_tE
                0x00000000       0x10 hwlib.o
 .rodata._ZTVN5hwlib24pin_invert_from_in_out_tE
                0x00000000       0x24 hwlib.o
 .rodata._ZTVN5hwlib20pin_invert_from_oc_tE
                0x00000000       0x18 hwlib.o
 .rodata._ZTVN5hwlib18all_from_pin_out_tE
                0x00000000       0x10 hwlib.o
 .rodata._ZTVN5hwlib24pin_direct_from_in_out_tE
                0x00000000       0x24 hwlib.o
 .rodata._ZTVN5hwlib20pin_direct_from_in_tE
                0x00000000       0x10 hwlib.o
 .rodata._ZTVN5hwlib21pin_direct_from_out_tE
                0x00000000       0x10 hwlib.o
 .rodata._ZTVN5hwlib20pin_direct_from_oc_tE
                0x00000000       0x18 hwlib.o
 .rodata._ZTVN5hwlib18port_out_from_oc_tE
                0x00000000       0x14 hwlib.o
 .rodata._ZTVN5hwlib19port_out_from_out_tE
                0x00000000       0x14 hwlib.o
 .rodata._ZTVN5hwlib22port_out_from_in_out_tE
                0x00000000       0x14 hwlib.o
 .rodata._ZTVN5hwlib17port_in_from_oc_tE
                0x00000000       0x14 hwlib.o
 .rodata._ZTVN5hwlib17port_in_from_in_tE
                0x00000000       0x14 hwlib.o
 .rodata._ZTVN5hwlib21port_in_from_in_out_tE
                0x00000000       0x14 hwlib.o
 .rodata._ZTVN5hwlib21port_in_out_from_oc_tE
                0x00000000       0x28 hwlib.o
 .rodata._ZTVN5hwlib25port_in_out_from_in_out_tE
                0x00000000       0x28 hwlib.o
 .rodata._ZTVN5hwlib17port_oc_from_oc_tE
                0x00000000       0x1c hwlib.o
 .rodata._ZTVN5hwlib23port_in_out_from_pins_tE
                0x00000000       0x28 hwlib.o
 .rodata._ZTVN5hwlib19port_in_from_pins_tE
                0x00000000       0x14 hwlib.o
 .rodata._ZTVN5hwlib20port_out_from_pins_tE
                0x00000000       0x14 hwlib.o
 .rodata._ZTVN5hwlib23port_out_from_pins_oc_tE
                0x00000000       0x14 hwlib.o
 .rodata._ZTVN5hwlib19port_oc_from_pins_tE
                0x00000000       0x1c hwlib.o
 .rodata._ZTVN5hwlib25port_invert_from_in_out_tE
                0x00000000       0x28 hwlib.o
 .rodata._ZTVN5hwlib21port_invert_from_in_tE
                0x00000000       0x14 hwlib.o
 .rodata._ZTVN5hwlib22port_invert_from_out_tE
                0x00000000       0x14 hwlib.o
 .rodata._ZTVN5hwlib21port_invert_from_oc_tE
                0x00000000       0x1c hwlib.o
 .rodata._ZTVN5hwlib19all_from_port_out_tE
                0x00000000       0x10 hwlib.o
 .rodata._ZTVN5hwlib25port_direct_from_in_out_tE
                0x00000000       0x28 hwlib.o
 .rodata._ZTVN5hwlib21port_direct_from_in_tE
                0x00000000       0x14 hwlib.o
 .rodata._ZTVN5hwlib22port_direct_from_out_tE
                0x00000000       0x14 hwlib.o
 .rodata._ZTVN5hwlib21port_direct_from_oc_tE
                0x00000000       0x1c hwlib.o
 .rodata._ZTVN5hwlib19cin_using_uart_getcE
                0x00000000       0x14 hwlib.o
 .rodata._ZTVN5hwlib13servo_dummy_tE
                0x00000000        0xc hwlib.o
 .rodata._ZTVN5hwlib14servo_invert_tE
                0x00000000        0xc hwlib.o
 .rodata._ZTVN5hwlib11servo_all_tE
                0x00000000        0xc hwlib.o
 .rodata._ZTVN5hwlib9image_8x8E
                0x00000000        0xc hwlib.o
 .rodata._ZTVN5hwlib12image_part_tE
                0x00000000        0xc hwlib.o
 .rodata._ZTVN5hwlib14image_invert_tE
                0x00000000        0xc hwlib.o
 .rodata._ZTVN5hwlib17image_transpose_tE
                0x00000000        0xc hwlib.o
 .rodata._ZTVN5hwlib16image_mirror_x_tE
                0x00000000        0xc hwlib.o
 .rodata._ZTVN5hwlib16image_mirror_y_tE
                0x00000000        0xc hwlib.o
 .rodata._ZTVN5hwlib4lineE
                0x00000000        0xc hwlib.o
 .rodata._ZTVN5hwlib6circleE
                0x00000000        0xc hwlib.o
 .rodata._ZTVN5hwlib13window_part_tE
                0x00000000       0x18 hwlib.o
 .rodata._ZTVN5hwlib15window_invert_tE
                0x00000000       0x18 hwlib.o
 .bss._ZN5hwlib11string_base5dummyE
                0x00000000        0x1 hwlib.o
 .bss._ZN5hwlib18_equal_calls_countE
                0x00000000        0x4 hwlib.o
 .bss._ZN5hwlib18random_chain_valueE
                0x00000000        0x4 hwlib.o
 .bss._ZN5hwlib21_equal_failures_countE
                0x00000000        0x4 hwlib.o
 .data._ZN5hwlib11servo_dummyE
                0x00000000       0x14 hwlib.o
 .data._ZN5hwlib12pin_in_dummyE
                0x00000000        0x4 hwlib.o
 .data._ZN5hwlib12pin_oc_dummyE
                0x00000000        0x4 hwlib.o
 .data._ZN5hwlib13pin_out_dummyE
                0x00000000        0x4 hwlib.o
 .data._ZN5hwlib16pin_in_out_dummyE
                0x00000000        0x4 hwlib.o
 .data._ZN5hwlib3cinE
                0x00000000        0x4 hwlib.o
 .rodata._ZN5hwlib15font_16x16_dataE
                0x00000000      0xbe4 hwlib.o
 .rodata._ZN5hwlib16font_default_8x86imagesE
                0x00000000      0xa00 hwlib.o
 .rodata._ZN5hwlibL11unspecifiedE
                0x00000000        0x4 hwlib.o
 .rodata._ZN5hwlibL5blackE
                0x00000000        0x4 hwlib.o
 .rodata._ZN5hwlibL5whiteE
                0x00000000        0x4 hwlib.o
 .group         0x00000000        0x8 main.o
 .group         0x00000000        0xc main.o
 .group         0x00000000        0xc main.o
 .text          0x00000000        0x0 main.o
 .data          0x00000000        0x0 main.o
 .bss           0x00000000        0x0 main.o
 .text._ZN5hwlib7ostreamlsEc
                0x00000000        0xe main.o
 .text._ZN5hwliblsERNS_7ostreamEPKc
                0x00000000       0x60 main.o
 .text._ZN10mimxrt106212ticks_per_usEv
                0x00000000        0x8 main.o
 .text._ZN10mimxrt10629now_ticksEv
                0x00000000       0x5c main.o
 .text._ZN5hwlib9uart_putcEc
                0x00000000        0x4 main.o
 .text._ZN5hwlib19uart_char_availableEv
                0x00000000        0x4 main.o
 .text._ZN5hwlib9uart_getcEv
                0x00000000        0x4 main.o
 .bss._ZZN10mimxrt10629now_ticksEvE4high
                0x00000000        0x8 main.o
 .bss._ZZN10mimxrt10629now_ticksEvE8last_low
                0x00000000        0x4 main.o
 .bss._ZZN10mimxrt10629now_ticksEvE9init_done
                0x00000000        0x1 main.o
 .text          0x00000000        0x0 bootdata.o
 .data          0x00000000        0x0 bootdata.o
 .bss           0x00000000        0x0 bootdata.o
 .text          0x00000000        0x0 startup.o
 .data          0x00000000        0x0 startup.o
 .bss           0x00000000        0x0 startup.o
 .text.__aeabi_idiv0
                0x00000000        0x4 startup.o
 .text.__cxa_pure_virtual
                0x00000000        0x2 startup.o
 COMMON         0x00000000        0x4 startup.o
 .text          0x00000000        0x0 bmptk_heap_none.o
 .data          0x00000000        0x0 bmptk_heap_none.o
 .bss           0x00000000        0x0 bmptk_heap_none.o
 .text.malloc   0x00000000        0xa bmptk_heap_none.o
 .text.free     0x00000000        0x4 bmptk_heap_none.o
 .comment       0x00000000       0x7a bmptk_heap_none.o
 .ARM.attributes
                0x00000000       0x2e bmptk_heap_none.o
 .text          0x00000000        0x0 bmptk_dummy_size_stack.o
 .data          0x00000000        0x0 bmptk_dummy_size_stack.o
 .bss           0x00000000        0x0 bmptk_dummy_size_stack.o
 .comment       0x00000000       0x7a bmptk_dummy_size_stack.o
 .ARM.attributes
                0x00000000       0x33 bmptk_dummy_size_stack.o
 .data          0x00000000        0x0 c:/users/joris/onedrive - stichting hogeschool utrecht/v2cpse1/gcc-arm-none-eabi-9-2019-q4-major-win32/bin/../lib/gcc/arm-none-eabi/9.2.1/thumb/v7e-m/nofp\libgcc.a(_aeabi_ldivmod.o)
 .bss           0x00000000        0x0 c:/users/joris/onedrive - stichting hogeschool utrecht/v2cpse1/gcc-arm-none-eabi-9-2019-q4-major-win32/bin/../lib/gcc/arm-none-eabi/9.2.1/thumb/v7e-m/nofp\libgcc.a(_aeabi_ldivmod.o)
 .data          0x00000000        0x0 c:/users/joris/onedrive - stichting hogeschool utrecht/v2cpse1/gcc-arm-none-eabi-9-2019-q4-major-win32/bin/../lib/gcc/arm-none-eabi/9.2.1/thumb/v7e-m/nofp\libgcc.a(_aeabi_uldivmod.o)
 .bss           0x00000000        0x0 c:/users/joris/onedrive - stichting hogeschool utrecht/v2cpse1/gcc-arm-none-eabi-9-2019-q4-major-win32/bin/../lib/gcc/arm-none-eabi/9.2.1/thumb/v7e-m/nofp\libgcc.a(_aeabi_uldivmod.o)
 .data          0x00000000        0x0 c:/users/joris/onedrive - stichting hogeschool utrecht/v2cpse1/gcc-arm-none-eabi-9-2019-q4-major-win32/bin/../lib/gcc/arm-none-eabi/9.2.1/thumb/v7e-m/nofp\libgcc.a(_udivmoddi4.o)
 .bss           0x00000000        0x0 c:/users/joris/onedrive - stichting hogeschool utrecht/v2cpse1/gcc-arm-none-eabi-9-2019-q4-major-win32/bin/../lib/gcc/arm-none-eabi/9.2.1/thumb/v7e-m/nofp\libgcc.a(_udivmoddi4.o)
 .ARM.extab     0x00000000        0x0 c:/users/joris/onedrive - stichting hogeschool utrecht/v2cpse1/gcc-arm-none-eabi-9-2019-q4-major-win32/bin/../lib/gcc/arm-none-eabi/9.2.1/thumb/v7e-m/nofp\libgcc.a(_udivmoddi4.o)
 .data          0x00000000        0x0 c:/users/joris/onedrive - stichting hogeschool utrecht/v2cpse1/gcc-arm-none-eabi-9-2019-q4-major-win32/bin/../lib/gcc/arm-none-eabi/9.2.1/thumb/v7e-m/nofp\libgcc.a(_dvmd_tls.o)
 .bss           0x00000000        0x0 c:/users/joris/onedrive - stichting hogeschool utrecht/v2cpse1/gcc-arm-none-eabi-9-2019-q4-major-win32/bin/../lib/gcc/arm-none-eabi/9.2.1/thumb/v7e-m/nofp\libgcc.a(_dvmd_tls.o)

Memory Configuration

Name             Origin             Length             Attributes
ITCM             0x00000000         0x00080000         xrw
DTCM             0x20000000         0x00080000         xrw
RAM              0x20200000         0x00080000         xrw
FLASH            0x60000000         0x001f0000         xrw
*default*        0x00000000         0xffffffff

Linker script and memory map

LOAD c:/users/joris/onedrive - stichting hogeschool utrecht/v2cpse1/gcc-arm-none-eabi-9-2019-q4-major-win32/bin/../lib/gcc/arm-none-eabi/9.2.1/thumb/v7e-m/nofp\libgcc.a
LOAD hwlib.o
LOAD main.o
LOAD bootdata.o
LOAD startup.o
LOAD bmptk_heap_none.o
LOAD bmptk_dummy_size_stack.o
LOAD c:/users/joris/onedrive - stichting hogeschool utrecht/v2cpse1/gcc-arm-none-eabi-9-2019-q4-major-win32/bin/../lib/gcc/arm-none-eabi/9.2.1/../../../../arm-none-eabi/lib/thumb/v7e-m/nofp\libm.a
LOAD c:/users/joris/onedrive - stichting hogeschool utrecht/v2cpse1/gcc-arm-none-eabi-9-2019-q4-major-win32/bin/../lib/gcc/arm-none-eabi/9.2.1/thumb/v7e-m/nofp\libgcc.a
LOAD c:/users/joris/onedrive - stichting hogeschool utrecht/v2cpse1/gcc-arm-none-eabi-9-2019-q4-major-win32/bin/../lib/gcc/arm-none-eabi/9.2.1/../../../../arm-none-eabi/lib/thumb/v7e-m/nofp\libc.a

.text.progmem   0x60000000     0x1110
 *(.flashconfig)
 .flashconfig   0x60000000      0x200 bootdata.o
                0x60000000                FlexSPI_NOR_Config
 FILL mask 0xff
                0x60001000                . = (ORIGIN (FLASH) + 0x1000)
 *fill*         0x60000200      0xe00 ff
 *(.ivt)
 .ivt           0x60001000       0x20 bootdata.o
                0x60001000                ImageVectorTable
 *(.bootdata)
 .bootdata      0x60001020        0xc bootdata.o
                0x60001020                BootData
 *(.vectors)
 .vectors       0x6000102c        0x8 bootdata.o
                0x6000102c                vector_table
 *(.startup)
 .startup       0x60001034       0xd4 startup.o
                0x60001034                ResetHandler
 .startup.__stub
                0x60001108        0x8 linker stubs
 *(.flashmem*)
 *(.progmem*)
                0x60001110                . = ALIGN (0x4)
 *(.init)
                0x60001110                __preinit_array_start = .
 *(.preinit_array)
                0x60001110                __preinit_array_end = .
                0x60001110                __init_array_start = .
 *(.init_array)
                0x60001110                __init_array_end = .
                0x60001110                . = ALIGN (0x10)
 *fill*         0x60001110        0x0 ff

.text.itcm      0x00000000      0x9e0 load address 0x60001110
                0x00000020                . = (. + 0x20)
 *fill*         0x00000000       0x20 
 *(.fastrun)
 *(.text*)
 .text._ZN5hwlib20cout_using_uart_putc5flushEv
                0x00000020        0x2 hwlib.o
                0x00000020                hwlib::cout_using_uart_putc::flush()
 *fill*         0x00000022        0x2 
 .text._ZN5hwlib15background_base18do_background_workEv
                0x00000024       0x3c hwlib.o
                0x00000024                hwlib::background_base::do_background_work()
 .text._ZN5hwlib7ostreamlsEc
                0x00000060        0xe hwlib.o
                0x00000060                hwlib::ostream::operator<<(char)
 .text._ZN5hwliblsERNS_7ostreamEPKc
                0x0000006e       0x60 hwlib.o
                0x0000006e                hwlib::operator<<(hwlib::ostream&, char const*)
 .text._ZN10mimxrt106212ticks_per_usEv
                0x000000ce        0x8 hwlib.o
                0x000000ce                mimxrt1062::ticks_per_us()
 *fill*         0x000000d6        0x2 
 .text._ZN10mimxrt10629now_ticksEv
                0x000000d8       0x5c hwlib.o
                0x000000d8                mimxrt1062::now_ticks()
 .text._ZN9teensy_409uart_initEv
                0x00000134      0x114 hwlib.o
                0x00000134                teensy_40::uart_init()
 .text._ZN9teensy_409uart_putcEc
                0x00000248       0x24 hwlib.o
                0x00000248                teensy_40::uart_putc(char)
 .text._ZN5hwlib9uart_putcEc
                0x0000026c        0x4 hwlib.o
                0x0000026c                hwlib::uart_putc(char)
 .text._ZN5hwlib20cout_using_uart_putc4putcEc
                0x00000270        0xa hwlib.o
                0x00000270                hwlib::cout_using_uart_putc::putc(char)
 .text._ZN5hwlib6now_usEv
                0x0000027a       0x1c hwlib.o
                0x0000027a                hwlib::now_us()
 .text._ZN5hwlib7wait_usEi
                0x00000296       0x22 hwlib.o
                0x00000296                hwlib::wait_us(int)
 .text._ZN5hwlib7wait_msEi
                0x000002b8       0x16 hwlib.o
                0x000002b8                hwlib::wait_ms(int)
 .text._ZN5hwliblsERNS_7ostreamEj
                0x000002ce       0xc4 main.o
                0x000002ce                hwlib::operator<<(hwlib::ostream&, unsigned int)
 .text._Z6locateRKSt5arrayIS_IS_IhLj3EELj126EELj126EEjjj
                0x00000392       0x72 main.o
                0x00000392                locate(std::array<std::array<std::array<unsigned char, 3u>, 126u>, 126u> const&, unsigned int, unsigned int, unsigned int)
 .text.startup.main
                0x00000404      0x244 main.o
                0x00000404                main
 .text          0x00000648       0xa0 c:/users/joris/onedrive - stichting hogeschool utrecht/v2cpse1/gcc-arm-none-eabi-9-2019-q4-major-win32/bin/../lib/gcc/arm-none-eabi/9.2.1/thumb/v7e-m/nofp\libgcc.a(_aeabi_ldivmod.o)
                0x00000648                __aeabi_ldivmod
 .text          0x000006e8       0x30 c:/users/joris/onedrive - stichting hogeschool utrecht/v2cpse1/gcc-arm-none-eabi-9-2019-q4-major-win32/bin/../lib/gcc/arm-none-eabi/9.2.1/thumb/v7e-m/nofp\libgcc.a(_aeabi_uldivmod.o)
                0x000006e8                __aeabi_uldivmod
 .text          0x00000718      0x2c0 c:/users/joris/onedrive - stichting hogeschool utrecht/v2cpse1/gcc-arm-none-eabi-9-2019-q4-major-win32/bin/../lib/gcc/arm-none-eabi/9.2.1/thumb/v7e-m/nofp\libgcc.a(_udivmoddi4.o)
                0x00000718                __udivmoddi4
 .text          0x000009d8        0x4 c:/users/joris/onedrive - stichting hogeschool utrecht/v2cpse1/gcc-arm-none-eabi-9-2019-q4-major-win32/bin/../lib/gcc/arm-none-eabi/9.2.1/thumb/v7e-m/nofp\libgcc.a(_dvmd_tls.o)
                0x000009d8                __aeabi_ldiv0
                0x000009e0                . = ALIGN (0x10)
 *fill*         0x000009dc        0x4 

.glue_7         0x000009e0        0x0 load address 0x60001af0
 .glue_7        0x000009e0        0x0 linker stubs

.glue_7t        0x000009e0        0x0 load address 0x60001af0
 .glue_7t       0x000009e0        0x0 linker stubs

.vfp11_veneer   0x000009e0        0x0 load address 0x60001af0
 .vfp11_veneer  0x000009e0        0x0 linker stubs

.v4_bx          0x000009e0        0x0 load address 0x60001af0
 .v4_bx         0x000009e0        0x0 linker stubs

.iplt           0x000009e0        0x0 load address 0x60001af0
 .iplt          0x000009e0        0x0 hwlib.o

.ARM.exidx      0x000009e0        0x8 load address 0x60001af0
                0x000009e0                __exidx_start = .
 *(.ARM.exidx* .gnu.linkonce.armexidx.*)
 .ARM.exidx     0x000009e0        0x8 c:/users/joris/onedrive - stichting hogeschool utrecht/v2cpse1/gcc-arm-none-eabi-9-2019-q4-major-win32/bin/../lib/gcc/arm-none-eabi/9.2.1/thumb/v7e-m/nofp\libgcc.a(_udivmoddi4.o)
                0x000009e8                __exidx_end = .

.rel.dyn        0x000009e8        0x0 load address 0x60001af8
 .rel.iplt      0x000009e8        0x0 hwlib.o

.text.itcm.padding
                0x000009e8     0x7618 load address 0x60001af8
                0x00008000                . = ALIGN (0x8000)
 *fill*         0x000009e8     0x7618 

.data           0x20000000    0x174e0 load address 0x60001af8
 *(.rodata*)
 .rodata._ZTVN5hwlib20cout_using_uart_putcE
                0x20000000       0x10 hwlib.o
                0x20000000                vtable for hwlib::cout_using_uart_putc
 .rodata.main.str1.1
                0x20000010       0xa3 main.o
 .rodata._ZL6images
                0x200000b3    0x17418 main.o
 *(.data*)
 *fill*         0x200174cb        0x1 
 .data._ZN5hwlib4coutE
                0x200174cc       0x14 hwlib.o
                0x200174cc                hwlib::cout
                0x200174e0                . = ALIGN (0x10)

.igot.plt       0x200174e0        0x0 load address 0x60018fd8
 .igot.plt      0x200174e0        0x0 hwlib.o

.bss            0x200174e0       0x40
 *(.bss*)
 .bss._ZN5hwlib15background_base5firstE
                0x200174e0        0x4 hwlib.o
                0x200174e0                hwlib::background_base::first
 .bss._ZN5hwlib15background_base7currentE
                0x200174e4        0x4 hwlib.o
                0x200174e4                hwlib::background_base::current
 .bss._ZN5hwlib15background_base7runningE
                0x200174e8        0x1 hwlib.o
                0x200174e8                hwlib::background_base::running
 *fill*         0x200174e9        0x7 
 .bss._ZZN10mimxrt10629now_ticksEvE4high
                0x200174f0        0x8 hwlib.o
 .bss._ZZN10mimxrt10629now_ticksEvE8last_low
                0x200174f8        0x4 hwlib.o
 .bss._ZZN10mimxrt10629now_ticksEvE9init_done
                0x200174fc        0x1 hwlib.o
 .bss._ZZN9teensy_409uart_initEvE9init_done
                0x200174fd        0x1 hwlib.o
 *(COMMON)
                0x20017500                . = ALIGN (0x20)
 *fill*         0x200174fe        0x2 
                0x20017520                . = (. + 0x20)
 *fill*         0x20017500       0x20 

.bss.dma        0x20200000        0x0
 *(.dmabuffers)
                0x20200000                . = ALIGN (0x20)
                0x00000000                _stext = ADDR (.text.itcm)
                0x000009e8                _etext = ((ADDR (.text.itcm) + SIZEOF (.text.itcm)) + SIZEOF (.ARM.exidx))
                0x60001110                _stextload = LOADADDR (.text.itcm)
                0x20000000                _sdata = ADDR (.data)
                0x200174e0                _edata = (ADDR (.data) + SIZEOF (.data))
                0x60001af8                _sdataload = LOADADDR (.data)
                0x200174e0                _sbss = ADDR (.bss)
                0x20017520                _ebss = (ADDR (.bss) + SIZEOF (.bss))
                0x20200000                _heap_start = (ADDR (.bss.dma) + SIZEOF (.bss.dma))
                0x20280000                _heap_end = (ORIGIN (RAM) + LENGTH (RAM))
                0x00000001                _itcm_block_count = (((SIZEOF (.text.itcm) + SIZEOF (.ARM.exidx)) + 0x7fff) >> 0xf)
                0xaaaaaaab                _flexram_bank_config = (0xaaaaaaaa | ((0x1 << (_itcm_block_count * 0x2)) - 0x1))
                0x20078000                _estack = (ORIGIN (DTCM) + ((0x10 - _itcm_block_count) << 0xf))
                0x00018fd8                _flashimagelen = (((SIZEOF (.text.progmem) + SIZEOF (.text.itcm)) + SIZEOF (.ARM.exidx)) + SIZEOF (.data))
                0x00000024                _teensy_model_identifier = 0x24
OUTPUT(main.elf elf32-littlearm)

.comment        0x00000000       0x79
 .comment       0x00000000       0x79 hwlib.o
                                 0x7a (size before relaxing)
 .comment       0x00000079       0x7a main.o
 .comment       0x00000079       0x7a bootdata.o
 .comment       0x00000079       0x7a startup.o

.ARM.attributes
                0x00000000       0x2e
 .ARM.attributes
                0x00000000       0x2e hwlib.o
 .ARM.attributes
                0x0000002e       0x2e main.o
 .ARM.attributes
                0x0000005c       0x33 bootdata.o
 .ARM.attributes
                0x0000008f       0x2e startup.o
 .ARM.attributes
                0x000000bd       0x1e c:/users/joris/onedrive - stichting hogeschool utrecht/v2cpse1/gcc-arm-none-eabi-9-2019-q4-major-win32/bin/../lib/gcc/arm-none-eabi/9.2.1/thumb/v7e-m/nofp\libgcc.a(_aeabi_ldivmod.o)
 .ARM.attributes
                0x000000db       0x1e c:/users/joris/onedrive - stichting hogeschool utrecht/v2cpse1/gcc-arm-none-eabi-9-2019-q4-major-win32/bin/../lib/gcc/arm-none-eabi/9.2.1/thumb/v7e-m/nofp\libgcc.a(_aeabi_uldivmod.o)
 .ARM.attributes
                0x000000f9       0x2e c:/users/joris/onedrive - stichting hogeschool utrecht/v2cpse1/gcc-arm-none-eabi-9-2019-q4-major-win32/bin/../lib/gcc/arm-none-eabi/9.2.1/thumb/v7e-m/nofp\libgcc.a(_udivmoddi4.o)
 .ARM.attributes
                0x00000127       0x1e c:/users/joris/onedrive - stichting hogeschool utrecht/v2cpse1/gcc-arm-none-eabi-9-2019-q4-major-win32/bin/../lib/gcc/arm-none-eabi/9.2.1/thumb/v7e-m/nofp\libgcc.a(_dvmd_tls.o)

.debug_frame    0x00000000       0xa4
 .debug_frame   0x00000000       0x44 c:/users/joris/onedrive - stichting hogeschool utrecht/v2cpse1/gcc-arm-none-eabi-9-2019-q4-major-win32/bin/../lib/gcc/arm-none-eabi/9.2.1/thumb/v7e-m/nofp\libgcc.a(_aeabi_ldivmod.o)
 .debug_frame   0x00000044       0x2c c:/users/joris/onedrive - stichting hogeschool utrecht/v2cpse1/gcc-arm-none-eabi-9-2019-q4-major-win32/bin/../lib/gcc/arm-none-eabi/9.2.1/thumb/v7e-m/nofp\libgcc.a(_aeabi_uldivmod.o)
 .debug_frame   0x00000070       0x34 c:/users/joris/onedrive - stichting hogeschool utrecht/v2cpse1/gcc-arm-none-eabi-9-2019-q4-major-win32/bin/../lib/gcc/arm-none-eabi/9.2.1/thumb/v7e-m/nofp\libgcc.a(_udivmoddi4.o)
